<html>
<body>
<pre>
<h1>µVision Build Log</h1>
<h2>Project:</h2>
E:\CubMx\WS\c8t6-oled\MDK-ARM\c8t6-oled.uvprojx
Project File Date:  07/17/2025

<h2>Output:</h2>
Build target 'c8t6-oled'
compiling main.c...
linking...
Program Size: Code=3872 RO-data=7808 RW-data=16 ZI-data=2176  
FromELF: creating hex file...
"c8t6-oled\c8t6-oled.axf" - 0 Error(s), 0 Warning(s).
tim.c...
compiling stm32f1xx_hal_tim_ex.c...
compiling stm32f1xx_hal.c...
compiling stm32f1xx_hal_rcc.c...
compiling stm32f1xx_hal_rcc_ex.c...
compiling stm32f1xx_hal_gpio.c...
compiling stm32f1xx_hal_dma.c...
compiling stm32f1xx_hal_cortex.c...
compiling stm32f1xx_hal_pwr.c...
compiling stm32f1xx_hal_flash.c...
compiling stm32f1xx_hal_flash_ex.c...
compiling stm32f1xx_hal_exti.c...
compiling system_stm32f1xx.c...
compiling oled.c...
linking...
Program Size: Code=3876 RO-data=7808 RW-data=16 ZI-data=2176  
FromELF: creating hex file...
"c8t6-oled\c8t6-oled.axf" - 0 Error(s), 0 Warning(s).
Load "c8t6-oled\\c8t6-oled.axf" 
Erase Done.
Programming Done.
Verify OK.
Load "c8t6-oled\\c8t6-oled.axf" 
Erase Done.
Programming Done.
Verify OK.
Application running ...
